<?xml version="1.0" encoding="UTF-8"?>
<program language="IPPcode19">
  <instruction order="1" opcode="DEFVAR">
    <arg1 type="var">GF@var1</arg1>
  </instruction>
  <instruction order="2" opcode="MOVE">
    <arg1 type="var">GF@var1</arg1>
    <arg2 type="string">\000</arg2>
  </instruction>
  <instruction order="3" opcode="WRITE">
    <arg1 type="var">GF@var1</arg1>
  </instruction>
  <instruction order="4" opcode="MOVE">
    <arg1 type="var">GF@var1</arg1>
    <arg2 type="string">\001</arg2>
  </instruction>
  <instruction order="5" opcode="WRITE">
    <arg1 type="var">GF@var1</arg1>
  </instruction>
  <instruction order="6" opcode="MOVE">
    <arg1 type="var">GF@var1</arg1>
    <arg2 type="string">\002</arg2>
  </instruction>
  <instruction order="7" opcode="WRITE">
    <arg1 type="var">GF@var1</arg1>
  </instruction>
  <instruction order="8" opcode="MOVE">
    <arg1 type="var">GF@var1</arg1>
    <arg2 type="string">\003</arg2>
  </instruction>
  <instruction order="9" opcode="WRITE">
    <arg1 type="var">GF@var1</arg1>
  </instruction>
  <instruction order="10" opcode="MOVE">
    <arg1 type="var">GF@var1</arg1>
    <arg2 type="string">\004</arg2>
  </instruction>
  <instruction order="11" opcode="WRITE">
    <arg1 type="var">GF@var1</arg1>
  </instruction>
  <instruction order="12" opcode="MOVE">
    <arg1 type="var">GF@var1</arg1>
    <arg2 type="string">\005</arg2>
  </instruction>
  <instruction order="13" opcode="WRITE">
    <arg1 type="var">GF@var1</arg1>
  </instruction>
  <instruction order="14" opcode="MOVE">
    <arg1 type="var">GF@var1</arg1>
    <arg2 type="string">\006</arg2>
  </instruction>
  <instruction order="15" opcode="WRITE">
    <arg1 type="var">GF@var1</arg1>
  </instruction>
  <instruction order="16" opcode="MOVE">
    <arg1 type="var">GF@var1</arg1>
    <arg2 type="string">\007</arg2>
  </instruction>
  <instruction order="17" opcode="WRITE">
    <arg1 type="var">GF@var1</arg1>
  </instruction>
  <instruction order="18" opcode="MOVE">
    <arg1 type="var">GF@var1</arg1>
    <arg2 type="string">\008</arg2>
  </instruction>
  <instruction order="19" opcode="WRITE">
    <arg1 type="var">GF@var1</arg1>
  </instruction>
  <instruction order="20" opcode="MOVE">
    <arg1 type="var">GF@var1</arg1>
    <arg2 type="string">\009</arg2>
  </instruction>
  <instruction order="21" opcode="WRITE">
    <arg1 type="var">GF@var1</arg1>
  </instruction>
  <instruction order="22" opcode="MOVE">
    <arg1 type="var">GF@var1</arg1>
    <arg2 type="string">\010</arg2>
  </instruction>
  <instruction order="23" opcode="WRITE">
    <arg1 type="var">GF@var1</arg1>
  </instruction>
  <instruction order="24" opcode="MOVE">
    <arg1 type="var">GF@var1</arg1>
    <arg2 type="string">\011</arg2>
  </instruction>
  <instruction order="25" opcode="WRITE">
    <arg1 type="var">GF@var1</arg1>
  </instruction>
  <instruction order="26" opcode="MOVE">
    <arg1 type="var">GF@var1</arg1>
    <arg2 type="string">\012</arg2>
  </instruction>
  <instruction order="27" opcode="WRITE">
    <arg1 type="var">GF@var1</arg1>
  </instruction>
  <instruction order="28" opcode="MOVE">
    <arg1 type="var">GF@var1</arg1>
    <arg2 type="string">\013</arg2>
  </instruction>
  <instruction order="29" opcode="WRITE">
    <arg1 type="var">GF@var1</arg1>
  </instruction>
  <instruction order="30" opcode="MOVE">
    <arg1 type="var">GF@var1</arg1>
    <arg2 type="string">\014</arg2>
  </instruction>
  <instruction order="31" opcode="WRITE">
    <arg1 type="var">GF@var1</arg1>
  </instruction>
  <instruction order="32" opcode="MOVE">
    <arg1 type="var">GF@var1</arg1>
    <arg2 type="string">\015</arg2>
  </instruction>
  <instruction order="33" opcode="WRITE">
    <arg1 type="var">GF@var1</arg1>
  </instruction>
  <instruction order="34" opcode="MOVE">
    <arg1 type="var">GF@var1</arg1>
    <arg2 type="string">\016</arg2>
  </instruction>
  <instruction order="35" opcode="WRITE">
    <arg1 type="var">GF@var1</arg1>
  </instruction>
  <instruction order="36" opcode="MOVE">
    <arg1 type="var">GF@var1</arg1>
    <arg2 type="string">\017</arg2>
  </instruction>
  <instruction order="37" opcode="WRITE">
    <arg1 type="var">GF@var1</arg1>
  </instruction>
  <instruction order="38" opcode="MOVE">
    <arg1 type="var">GF@var1</arg1>
    <arg2 type="string">\018</arg2>
  </instruction>
  <instruction order="39" opcode="WRITE">
    <arg1 type="var">GF@var1</arg1>
  </instruction>
  <instruction order="40" opcode="MOVE">
    <arg1 type="var">GF@var1</arg1>
    <arg2 type="string">\019</arg2>
  </instruction>
  <instruction order="41" opcode="WRITE">
    <arg1 type="var">GF@var1</arg1>
  </instruction>
  <instruction order="42" opcode="MOVE">
    <arg1 type="var">GF@var1</arg1>
    <arg2 type="string">\020</arg2>
  </instruction>
  <instruction order="43" opcode="WRITE">
    <arg1 type="var">GF@var1</arg1>
  </instruction>
  <instruction order="44" opcode="MOVE">
    <arg1 type="var">GF@var1</arg1>
    <arg2 type="string">\021</arg2>
  </instruction>
  <instruction order="45" opcode="WRITE">
    <arg1 type="var">GF@var1</arg1>
  </instruction>
  <instruction order="46" opcode="MOVE">
    <arg1 type="var">GF@var1</arg1>
    <arg2 type="string">\022</arg2>
  </instruction>
  <instruction order="47" opcode="WRITE">
    <arg1 type="var">GF@var1</arg1>
  </instruction>
  <instruction order="48" opcode="MOVE">
    <arg1 type="var">GF@var1</arg1>
    <arg2 type="string">\023</arg2>
  </instruction>
  <instruction order="49" opcode="WRITE">
    <arg1 type="var">GF@var1</arg1>
  </instruction>
  <instruction order="50" opcode="MOVE">
    <arg1 type="var">GF@var1</arg1>
    <arg2 type="string">\024</arg2>
  </instruction>
  <instruction order="51" opcode="WRITE">
    <arg1 type="var">GF@var1</arg1>
  </instruction>
  <instruction order="52" opcode="MOVE">
    <arg1 type="var">GF@var1</arg1>
    <arg2 type="string">\025</arg2>
  </instruction>
  <instruction order="53" opcode="WRITE">
    <arg1 type="var">GF@var1</arg1>
  </instruction>
  <instruction order="54" opcode="MOVE">
    <arg1 type="var">GF@var1</arg1>
    <arg2 type="string">\026</arg2>
  </instruction>
  <instruction order="55" opcode="WRITE">
    <arg1 type="var">GF@var1</arg1>
  </instruction>
  <instruction order="56" opcode="MOVE">
    <arg1 type="var">GF@var1</arg1>
    <arg2 type="string">\027</arg2>
  </instruction>
  <instruction order="57" opcode="WRITE">
    <arg1 type="var">GF@var1</arg1>
  </instruction>
  <instruction order="58" opcode="MOVE">
    <arg1 type="var">GF@var1</arg1>
    <arg2 type="string">\028</arg2>
  </instruction>
  <instruction order="59" opcode="WRITE">
    <arg1 type="var">GF@var1</arg1>
  </instruction>
  <instruction order="60" opcode="MOVE">
    <arg1 type="var">GF@var1</arg1>
    <arg2 type="string">\029</arg2>
  </instruction>
  <instruction order="61" opcode="WRITE">
    <arg1 type="var">GF@var1</arg1>
  </instruction>
  <instruction order="62" opcode="MOVE">
    <arg1 type="var">GF@var1</arg1>
    <arg2 type="string">\030</arg2>
  </instruction>
  <instruction order="63" opcode="WRITE">
    <arg1 type="var">GF@var1</arg1>
  </instruction>
  <instruction order="64" opcode="MOVE">
    <arg1 type="var">GF@var1</arg1>
    <arg2 type="string">\031</arg2>
  </instruction>
  <instruction order="65" opcode="WRITE">
    <arg1 type="var">GF@var1</arg1>
  </instruction>
  <instruction order="66" opcode="MOVE">
    <arg1 type="var">GF@var1</arg1>
    <arg2 type="string">\032</arg2>
  </instruction>
  <instruction order="67" opcode="WRITE">
    <arg1 type="var">GF@var1</arg1>
  </instruction>
  <instruction order="68" opcode="MOVE">
    <arg1 type="var">GF@var1</arg1>
    <arg2 type="string">\033</arg2>
  </instruction>
  <instruction order="69" opcode="WRITE">
    <arg1 type="var">GF@var1</arg1>
  </instruction>
  <instruction order="70" opcode="MOVE">
    <arg1 type="var">GF@var1</arg1>
    <arg2 type="string">\034</arg2>
  </instruction>
  <instruction order="71" opcode="WRITE">
    <arg1 type="var">GF@var1</arg1>
  </instruction>
  <instruction order="72" opcode="MOVE">
    <arg1 type="var">GF@var1</arg1>
    <arg2 type="string">\035</arg2>
  </instruction>
  <instruction order="73" opcode="WRITE">
    <arg1 type="var">GF@var1</arg1>
  </instruction>
  <instruction order="74" opcode="MOVE">
    <arg1 type="var">GF@var1</arg1>
    <arg2 type="string">\036</arg2>
  </instruction>
  <instruction order="75" opcode="WRITE">
    <arg1 type="var">GF@var1</arg1>
  </instruction>
  <instruction order="76" opcode="MOVE">
    <arg1 type="var">GF@var1</arg1>
    <arg2 type="string">\037</arg2>
  </instruction>
  <instruction order="77" opcode="WRITE">
    <arg1 type="var">GF@var1</arg1>
  </instruction>
  <instruction order="78" opcode="MOVE">
    <arg1 type="var">GF@var1</arg1>
    <arg2 type="string">\038</arg2>
  </instruction>
  <instruction order="79" opcode="WRITE">
    <arg1 type="var">GF@var1</arg1>
  </instruction>
  <instruction order="80" opcode="MOVE">
    <arg1 type="var">GF@var1</arg1>
    <arg2 type="string">\039</arg2>
  </instruction>
  <instruction order="81" opcode="WRITE">
    <arg1 type="var">GF@var1</arg1>
  </instruction>
  <instruction order="82" opcode="MOVE">
    <arg1 type="var">GF@var1</arg1>
    <arg2 type="string">\040</arg2>
  </instruction>
  <instruction order="83" opcode="WRITE">
    <arg1 type="var">GF@var1</arg1>
  </instruction>
  <instruction order="84" opcode="MOVE">
    <arg1 type="var">GF@var1</arg1>
    <arg2 type="string">\041</arg2>
  </instruction>
  <instruction order="85" opcode="WRITE">
    <arg1 type="var">GF@var1</arg1>
  </instruction>
  <instruction order="86" opcode="MOVE">
    <arg1 type="var">GF@var1</arg1>
    <arg2 type="string">\042</arg2>
  </instruction>
  <instruction order="87" opcode="WRITE">
    <arg1 type="var">GF@var1</arg1>
  </instruction>
  <instruction order="88" opcode="MOVE">
    <arg1 type="var">GF@var1</arg1>
    <arg2 type="string">\043</arg2>
  </instruction>
  <instruction order="89" opcode="WRITE">
    <arg1 type="var">GF@var1</arg1>
  </instruction>
  <instruction order="90" opcode="MOVE">
    <arg1 type="var">GF@var1</arg1>
    <arg2 type="string">\044</arg2>
  </instruction>
  <instruction order="91" opcode="WRITE">
    <arg1 type="var">GF@var1</arg1>
  </instruction>
  <instruction order="92" opcode="MOVE">
    <arg1 type="var">GF@var1</arg1>
    <arg2 type="string">\045</arg2>
  </instruction>
  <instruction order="93" opcode="WRITE">
    <arg1 type="var">GF@var1</arg1>
  </instruction>
  <instruction order="94" opcode="MOVE">
    <arg1 type="var">GF@var1</arg1>
    <arg2 type="string">\046</arg2>
  </instruction>
  <instruction order="95" opcode="WRITE">
    <arg1 type="var">GF@var1</arg1>
  </instruction>
  <instruction order="96" opcode="MOVE">
    <arg1 type="var">GF@var1</arg1>
    <arg2 type="string">\047</arg2>
  </instruction>
  <instruction order="97" opcode="WRITE">
    <arg1 type="var">GF@var1</arg1>
  </instruction>
  <instruction order="98" opcode="MOVE">
    <arg1 type="var">GF@var1</arg1>
    <arg2 type="string">\048</arg2>
  </instruction>
  <instruction order="99" opcode="WRITE">
    <arg1 type="var">GF@var1</arg1>
  </instruction>
  <instruction order="100" opcode="MOVE">
    <arg1 type="var">GF@var1</arg1>
    <arg2 type="string">\049</arg2>
  </instruction>
  <instruction order="101" opcode="WRITE">
    <arg1 type="var">GF@var1</arg1>
  </instruction>
  <instruction order="102" opcode="MOVE">
    <arg1 type="var">GF@var1</arg1>
    <arg2 type="string">\050</arg2>
  </instruction>
  <instruction order="103" opcode="WRITE">
    <arg1 type="var">GF@var1</arg1>
  </instruction>
  <instruction order="104" opcode="MOVE">
    <arg1 type="var">GF@var1</arg1>
    <arg2 type="string">\051</arg2>
  </instruction>
  <instruction order="105" opcode="WRITE">
    <arg1 type="var">GF@var1</arg1>
  </instruction>
  <instruction order="106" opcode="MOVE">
    <arg1 type="var">GF@var1</arg1>
    <arg2 type="string">\052</arg2>
  </instruction>
  <instruction order="107" opcode="WRITE">
    <arg1 type="var">GF@var1</arg1>
  </instruction>
  <instruction order="108" opcode="MOVE">
    <arg1 type="var">GF@var1</arg1>
    <arg2 type="string">\053</arg2>
  </instruction>
  <instruction order="109" opcode="WRITE">
    <arg1 type="var">GF@var1</arg1>
  </instruction>
  <instruction order="110" opcode="MOVE">
    <arg1 type="var">GF@var1</arg1>
    <arg2 type="string">\054</arg2>
  </instruction>
  <instruction order="111" opcode="WRITE">
    <arg1 type="var">GF@var1</arg1>
  </instruction>
  <instruction order="112" opcode="MOVE">
    <arg1 type="var">GF@var1</arg1>
    <arg2 type="string">\055</arg2>
  </instruction>
  <instruction order="113" opcode="WRITE">
    <arg1 type="var">GF@var1</arg1>
  </instruction>
  <instruction order="114" opcode="MOVE">
    <arg1 type="var">GF@var1</arg1>
    <arg2 type="string">\056</arg2>
  </instruction>
  <instruction order="115" opcode="WRITE">
    <arg1 type="var">GF@var1</arg1>
  </instruction>
  <instruction order="116" opcode="MOVE">
    <arg1 type="var">GF@var1</arg1>
    <arg2 type="string">\057</arg2>
  </instruction>
  <instruction order="117" opcode="WRITE">
    <arg1 type="var">GF@var1</arg1>
  </instruction>
  <instruction order="118" opcode="MOVE">
    <arg1 type="var">GF@var1</arg1>
    <arg2 type="string">\058</arg2>
  </instruction>
  <instruction order="119" opcode="WRITE">
    <arg1 type="var">GF@var1</arg1>
  </instruction>
  <instruction order="120" opcode="MOVE">
    <arg1 type="var">GF@var1</arg1>
    <arg2 type="string">\059</arg2>
  </instruction>
  <instruction order="121" opcode="WRITE">
    <arg1 type="var">GF@var1</arg1>
  </instruction>
  <instruction order="122" opcode="MOVE">
    <arg1 type="var">GF@var1</arg1>
    <arg2 type="string">\060</arg2>
  </instruction>
  <instruction order="123" opcode="WRITE">
    <arg1 type="var">GF@var1</arg1>
  </instruction>
  <instruction order="124" opcode="MOVE">
    <arg1 type="var">GF@var1</arg1>
    <arg2 type="string">\061</arg2>
  </instruction>
  <instruction order="125" opcode="WRITE">
    <arg1 type="var">GF@var1</arg1>
  </instruction>
  <instruction order="126" opcode="MOVE">
    <arg1 type="var">GF@var1</arg1>
    <arg2 type="string">\062</arg2>
  </instruction>
  <instruction order="127" opcode="WRITE">
    <arg1 type="var">GF@var1</arg1>
  </instruction>
  <instruction order="128" opcode="MOVE">
    <arg1 type="var">GF@var1</arg1>
    <arg2 type="string">\063</arg2>
  </instruction>
  <instruction order="129" opcode="WRITE">
    <arg1 type="var">GF@var1</arg1>
  </instruction>
  <instruction order="130" opcode="MOVE">
    <arg1 type="var">GF@var1</arg1>
    <arg2 type="string">\064</arg2>
  </instruction>
  <instruction order="131" opcode="WRITE">
    <arg1 type="var">GF@var1</arg1>
  </instruction>
  <instruction order="132" opcode="MOVE">
    <arg1 type="var">GF@var1</arg1>
    <arg2 type="string">\065</arg2>
  </instruction>
  <instruction order="133" opcode="WRITE">
    <arg1 type="var">GF@var1</arg1>
  </instruction>
  <instruction order="134" opcode="MOVE">
    <arg1 type="var">GF@var1</arg1>
    <arg2 type="string">\066</arg2>
  </instruction>
  <instruction order="135" opcode="WRITE">
    <arg1 type="var">GF@var1</arg1>
  </instruction>
  <instruction order="136" opcode="MOVE">
    <arg1 type="var">GF@var1</arg1>
    <arg2 type="string">\067</arg2>
  </instruction>
  <instruction order="137" opcode="WRITE">
    <arg1 type="var">GF@var1</arg1>
  </instruction>
  <instruction order="138" opcode="MOVE">
    <arg1 type="var">GF@var1</arg1>
    <arg2 type="string">\068</arg2>
  </instruction>
  <instruction order="139" opcode="WRITE">
    <arg1 type="var">GF@var1</arg1>
  </instruction>
  <instruction order="140" opcode="MOVE">
    <arg1 type="var">GF@var1</arg1>
    <arg2 type="string">\069</arg2>
  </instruction>
  <instruction order="141" opcode="WRITE">
    <arg1 type="var">GF@var1</arg1>
  </instruction>
  <instruction order="142" opcode="MOVE">
    <arg1 type="var">GF@var1</arg1>
    <arg2 type="string">\070</arg2>
  </instruction>
  <instruction order="143" opcode="WRITE">
    <arg1 type="var">GF@var1</arg1>
  </instruction>
  <instruction order="144" opcode="MOVE">
    <arg1 type="var">GF@var1</arg1>
    <arg2 type="string">\071</arg2>
  </instruction>
  <instruction order="145" opcode="WRITE">
    <arg1 type="var">GF@var1</arg1>
  </instruction>
  <instruction order="146" opcode="MOVE">
    <arg1 type="var">GF@var1</arg1>
    <arg2 type="string">\072</arg2>
  </instruction>
  <instruction order="147" opcode="WRITE">
    <arg1 type="var">GF@var1</arg1>
  </instruction>
  <instruction order="148" opcode="MOVE">
    <arg1 type="var">GF@var1</arg1>
    <arg2 type="string">\073</arg2>
  </instruction>
  <instruction order="149" opcode="WRITE">
    <arg1 type="var">GF@var1</arg1>
  </instruction>
  <instruction order="150" opcode="MOVE">
    <arg1 type="var">GF@var1</arg1>
    <arg2 type="string">\074</arg2>
  </instruction>
  <instruction order="151" opcode="WRITE">
    <arg1 type="var">GF@var1</arg1>
  </instruction>
  <instruction order="152" opcode="MOVE">
    <arg1 type="var">GF@var1</arg1>
    <arg2 type="string">\075</arg2>
  </instruction>
  <instruction order="153" opcode="WRITE">
    <arg1 type="var">GF@var1</arg1>
  </instruction>
  <instruction order="154" opcode="MOVE">
    <arg1 type="var">GF@var1</arg1>
    <arg2 type="string">\076</arg2>
  </instruction>
  <instruction order="155" opcode="WRITE">
    <arg1 type="var">GF@var1</arg1>
  </instruction>
  <instruction order="156" opcode="MOVE">
    <arg1 type="var">GF@var1</arg1>
    <arg2 type="string">\077</arg2>
  </instruction>
  <instruction order="157" opcode="WRITE">
    <arg1 type="var">GF@var1</arg1>
  </instruction>
  <instruction order="158" opcode="MOVE">
    <arg1 type="var">GF@var1</arg1>
    <arg2 type="string">\078</arg2>
  </instruction>
  <instruction order="159" opcode="WRITE">
    <arg1 type="var">GF@var1</arg1>
  </instruction>
  <instruction order="160" opcode="MOVE">
    <arg1 type="var">GF@var1</arg1>
    <arg2 type="string">\079</arg2>
  </instruction>
  <instruction order="161" opcode="WRITE">
    <arg1 type="var">GF@var1</arg1>
  </instruction>
  <instruction order="162" opcode="MOVE">
    <arg1 type="var">GF@var1</arg1>
    <arg2 type="string">\080</arg2>
  </instruction>
  <instruction order="163" opcode="WRITE">
    <arg1 type="var">GF@var1</arg1>
  </instruction>
  <instruction order="164" opcode="MOVE">
    <arg1 type="var">GF@var1</arg1>
    <arg2 type="string">\081</arg2>
  </instruction>
  <instruction order="165" opcode="WRITE">
    <arg1 type="var">GF@var1</arg1>
  </instruction>
  <instruction order="166" opcode="MOVE">
    <arg1 type="var">GF@var1</arg1>
    <arg2 type="string">\082</arg2>
  </instruction>
  <instruction order="167" opcode="WRITE">
    <arg1 type="var">GF@var1</arg1>
  </instruction>
  <instruction order="168" opcode="MOVE">
    <arg1 type="var">GF@var1</arg1>
    <arg2 type="string">\083</arg2>
  </instruction>
  <instruction order="169" opcode="WRITE">
    <arg1 type="var">GF@var1</arg1>
  </instruction>
  <instruction order="170" opcode="MOVE">
    <arg1 type="var">GF@var1</arg1>
    <arg2 type="string">\084</arg2>
  </instruction>
  <instruction order="171" opcode="WRITE">
    <arg1 type="var">GF@var1</arg1>
  </instruction>
  <instruction order="172" opcode="MOVE">
    <arg1 type="var">GF@var1</arg1>
    <arg2 type="string">\085</arg2>
  </instruction>
  <instruction order="173" opcode="WRITE">
    <arg1 type="var">GF@var1</arg1>
  </instruction>
  <instruction order="174" opcode="MOVE">
    <arg1 type="var">GF@var1</arg1>
    <arg2 type="string">\086</arg2>
  </instruction>
  <instruction order="175" opcode="WRITE">
    <arg1 type="var">GF@var1</arg1>
  </instruction>
  <instruction order="176" opcode="MOVE">
    <arg1 type="var">GF@var1</arg1>
    <arg2 type="string">\087</arg2>
  </instruction>
  <instruction order="177" opcode="WRITE">
    <arg1 type="var">GF@var1</arg1>
  </instruction>
  <instruction order="178" opcode="MOVE">
    <arg1 type="var">GF@var1</arg1>
    <arg2 type="string">\088</arg2>
  </instruction>
  <instruction order="179" opcode="WRITE">
    <arg1 type="var">GF@var1</arg1>
  </instruction>
  <instruction order="180" opcode="MOVE">
    <arg1 type="var">GF@var1</arg1>
    <arg2 type="string">\089</arg2>
  </instruction>
  <instruction order="181" opcode="WRITE">
    <arg1 type="var">GF@var1</arg1>
  </instruction>
  <instruction order="182" opcode="MOVE">
    <arg1 type="var">GF@var1</arg1>
    <arg2 type="string">\090</arg2>
  </instruction>
  <instruction order="183" opcode="WRITE">
    <arg1 type="var">GF@var1</arg1>
  </instruction>
  <instruction order="184" opcode="MOVE">
    <arg1 type="var">GF@var1</arg1>
    <arg2 type="string">\091</arg2>
  </instruction>
  <instruction order="185" opcode="WRITE">
    <arg1 type="var">GF@var1</arg1>
  </instruction>
  <instruction order="186" opcode="MOVE">
    <arg1 type="var">GF@var1</arg1>
    <arg2 type="string">\092</arg2>
  </instruction>
  <instruction order="187" opcode="WRITE">
    <arg1 type="var">GF@var1</arg1>
  </instruction>
  <instruction order="188" opcode="MOVE">
    <arg1 type="var">GF@var1</arg1>
    <arg2 type="string">\093</arg2>
  </instruction>
  <instruction order="189" opcode="WRITE">
    <arg1 type="var">GF@var1</arg1>
  </instruction>
  <instruction order="190" opcode="MOVE">
    <arg1 type="var">GF@var1</arg1>
    <arg2 type="string">\094</arg2>
  </instruction>
  <instruction order="191" opcode="WRITE">
    <arg1 type="var">GF@var1</arg1>
  </instruction>
  <instruction order="192" opcode="MOVE">
    <arg1 type="var">GF@var1</arg1>
    <arg2 type="string">\095</arg2>
  </instruction>
  <instruction order="193" opcode="WRITE">
    <arg1 type="var">GF@var1</arg1>
  </instruction>
  <instruction order="194" opcode="MOVE">
    <arg1 type="var">GF@var1</arg1>
    <arg2 type="string">\096</arg2>
  </instruction>
  <instruction order="195" opcode="WRITE">
    <arg1 type="var">GF@var1</arg1>
  </instruction>
  <instruction order="196" opcode="MOVE">
    <arg1 type="var">GF@var1</arg1>
    <arg2 type="string">\097</arg2>
  </instruction>
  <instruction order="197" opcode="WRITE">
    <arg1 type="var">GF@var1</arg1>
  </instruction>
  <instruction order="198" opcode="MOVE">
    <arg1 type="var">GF@var1</arg1>
    <arg2 type="string">\098</arg2>
  </instruction>
  <instruction order="199" opcode="WRITE">
    <arg1 type="var">GF@var1</arg1>
  </instruction>
  <instruction order="200" opcode="MOVE">
    <arg1 type="var">GF@var1</arg1>
    <arg2 type="string">\099</arg2>
  </instruction>
  <instruction order="201" opcode="WRITE">
    <arg1 type="var">GF@var1</arg1>
  </instruction>
  <instruction order="202" opcode="MOVE">
    <arg1 type="var">GF@var1</arg1>
    <arg2 type="string">\100</arg2>
  </instruction>
  <instruction order="203" opcode="WRITE">
    <arg1 type="var">GF@var1</arg1>
  </instruction>
  <instruction order="204" opcode="MOVE">
    <arg1 type="var">GF@var1</arg1>
    <arg2 type="string">\101</arg2>
  </instruction>
  <instruction order="205" opcode="WRITE">
    <arg1 type="var">GF@var1</arg1>
  </instruction>
  <instruction order="206" opcode="MOVE">
    <arg1 type="var">GF@var1</arg1>
    <arg2 type="string">\102</arg2>
  </instruction>
  <instruction order="207" opcode="WRITE">
    <arg1 type="var">GF@var1</arg1>
  </instruction>
  <instruction order="208" opcode="MOVE">
    <arg1 type="var">GF@var1</arg1>
    <arg2 type="string">\103</arg2>
  </instruction>
  <instruction order="209" opcode="WRITE">
    <arg1 type="var">GF@var1</arg1>
  </instruction>
  <instruction order="210" opcode="MOVE">
    <arg1 type="var">GF@var1</arg1>
    <arg2 type="string">\104</arg2>
  </instruction>
  <instruction order="211" opcode="WRITE">
    <arg1 type="var">GF@var1</arg1>
  </instruction>
  <instruction order="212" opcode="MOVE">
    <arg1 type="var">GF@var1</arg1>
    <arg2 type="string">\105</arg2>
  </instruction>
  <instruction order="213" opcode="WRITE">
    <arg1 type="var">GF@var1</arg1>
  </instruction>
  <instruction order="214" opcode="MOVE">
    <arg1 type="var">GF@var1</arg1>
    <arg2 type="string">\106</arg2>
  </instruction>
  <instruction order="215" opcode="WRITE">
    <arg1 type="var">GF@var1</arg1>
  </instruction>
  <instruction order="216" opcode="MOVE">
    <arg1 type="var">GF@var1</arg1>
    <arg2 type="string">\107</arg2>
  </instruction>
  <instruction order="217" opcode="WRITE">
    <arg1 type="var">GF@var1</arg1>
  </instruction>
  <instruction order="218" opcode="MOVE">
    <arg1 type="var">GF@var1</arg1>
    <arg2 type="string">\108</arg2>
  </instruction>
  <instruction order="219" opcode="WRITE">
    <arg1 type="var">GF@var1</arg1>
  </instruction>
  <instruction order="220" opcode="MOVE">
    <arg1 type="var">GF@var1</arg1>
    <arg2 type="string">\109</arg2>
  </instruction>
  <instruction order="221" opcode="WRITE">
    <arg1 type="var">GF@var1</arg1>
  </instruction>
  <instruction order="222" opcode="MOVE">
    <arg1 type="var">GF@var1</arg1>
    <arg2 type="string">\110</arg2>
  </instruction>
  <instruction order="223" opcode="WRITE">
    <arg1 type="var">GF@var1</arg1>
  </instruction>
  <instruction order="224" opcode="MOVE">
    <arg1 type="var">GF@var1</arg1>
    <arg2 type="string">\111</arg2>
  </instruction>
  <instruction order="225" opcode="WRITE">
    <arg1 type="var">GF@var1</arg1>
  </instruction>
  <instruction order="226" opcode="MOVE">
    <arg1 type="var">GF@var1</arg1>
    <arg2 type="string">\112</arg2>
  </instruction>
  <instruction order="227" opcode="WRITE">
    <arg1 type="var">GF@var1</arg1>
  </instruction>
  <instruction order="228" opcode="MOVE">
    <arg1 type="var">GF@var1</arg1>
    <arg2 type="string">\113</arg2>
  </instruction>
  <instruction order="229" opcode="WRITE">
    <arg1 type="var">GF@var1</arg1>
  </instruction>
  <instruction order="230" opcode="MOVE">
    <arg1 type="var">GF@var1</arg1>
    <arg2 type="string">\114</arg2>
  </instruction>
  <instruction order="231" opcode="WRITE">
    <arg1 type="var">GF@var1</arg1>
  </instruction>
  <instruction order="232" opcode="MOVE">
    <arg1 type="var">GF@var1</arg1>
    <arg2 type="string">\115</arg2>
  </instruction>
  <instruction order="233" opcode="WRITE">
    <arg1 type="var">GF@var1</arg1>
  </instruction>
  <instruction order="234" opcode="MOVE">
    <arg1 type="var">GF@var1</arg1>
    <arg2 type="string">\116</arg2>
  </instruction>
  <instruction order="235" opcode="WRITE">
    <arg1 type="var">GF@var1</arg1>
  </instruction>
  <instruction order="236" opcode="MOVE">
    <arg1 type="var">GF@var1</arg1>
    <arg2 type="string">\117</arg2>
  </instruction>
  <instruction order="237" opcode="WRITE">
    <arg1 type="var">GF@var1</arg1>
  </instruction>
  <instruction order="238" opcode="MOVE">
    <arg1 type="var">GF@var1</arg1>
    <arg2 type="string">\118</arg2>
  </instruction>
  <instruction order="239" opcode="WRITE">
    <arg1 type="var">GF@var1</arg1>
  </instruction>
  <instruction order="240" opcode="MOVE">
    <arg1 type="var">GF@var1</arg1>
    <arg2 type="string">\119</arg2>
  </instruction>
  <instruction order="241" opcode="WRITE">
    <arg1 type="var">GF@var1</arg1>
  </instruction>
  <instruction order="242" opcode="MOVE">
    <arg1 type="var">GF@var1</arg1>
    <arg2 type="string">\120</arg2>
  </instruction>
  <instruction order="243" opcode="WRITE">
    <arg1 type="var">GF@var1</arg1>
  </instruction>
  <instruction order="244" opcode="MOVE">
    <arg1 type="var">GF@var1</arg1>
    <arg2 type="string">\121</arg2>
  </instruction>
  <instruction order="245" opcode="WRITE">
    <arg1 type="var">GF@var1</arg1>
  </instruction>
  <instruction order="246" opcode="MOVE">
    <arg1 type="var">GF@var1</arg1>
    <arg2 type="string">\122</arg2>
  </instruction>
  <instruction order="247" opcode="WRITE">
    <arg1 type="var">GF@var1</arg1>
  </instruction>
  <instruction order="248" opcode="MOVE">
    <arg1 type="var">GF@var1</arg1>
    <arg2 type="string">\123</arg2>
  </instruction>
  <instruction order="249" opcode="WRITE">
    <arg1 type="var">GF@var1</arg1>
  </instruction>
  <instruction order="250" opcode="MOVE">
    <arg1 type="var">GF@var1</arg1>
    <arg2 type="string">\124</arg2>
  </instruction>
  <instruction order="251" opcode="WRITE">
    <arg1 type="var">GF@var1</arg1>
  </instruction>
  <instruction order="252" opcode="MOVE">
    <arg1 type="var">GF@var1</arg1>
    <arg2 type="string">\125</arg2>
  </instruction>
  <instruction order="253" opcode="WRITE">
    <arg1 type="var">GF@var1</arg1>
  </instruction>
  <instruction order="254" opcode="MOVE">
    <arg1 type="var">GF@var1</arg1>
    <arg2 type="string">\126</arg2>
  </instruction>
  <instruction order="255" opcode="WRITE">
    <arg1 type="var">GF@var1</arg1>
  </instruction>
  <instruction order="256" opcode="MOVE">
    <arg1 type="var">GF@var1</arg1>
    <arg2 type="string">\127</arg2>
  </instruction>
  <instruction order="257" opcode="WRITE">
    <arg1 type="var">GF@var1</arg1>
  </instruction>
</program>

