<?xml version="1.0" encoding="UTF-8"?>
<program language="IPPcode19">
  <instruction order="1" opcode="DPRINT">
    <arg1 type="string">to_stderr</arg1>
  </instruction>
  <instruction order="2" opcode="BREAK"/>
</program>

